
> colocai@0.0.0 build
> tsc -b && vite build

src/App.tsx(1,1): error TS6133: 'React' is declared but its value is never read.
src/pages/CalendarPage.tsx(5,10): error TS1484: 'Event' is a type and must be imported using a type-only import when 'verbatimModuleSyntax' is enabled.
src/pages/CalendarPage.tsx(5,17): error TS1484: 'User' is a type and must be imported using a type-only import when 'verbatimModuleSyntax' is enabled.
src/pages/CalendarPage.tsx(12,10): error TS6133: 'loading' is declared but its value is never read.
src/pages/ChoresPage.tsx(1,8): error TS6133: 'React' is declared but its value is never read.
src/pages/ChoresPage.tsx(4,10): error TS1484: 'User' is a type and must be imported using a type-only import when 'verbatimModuleSyntax' is enabled.
src/pages/ChoresPage.tsx(4,16): error TS1484: 'Task' is a type and must be imported using a type-only import when 'verbatimModuleSyntax' is enabled.
src/pages/ChoresPage.tsx(4,16): error TS6133: 'Task' is declared but its value is never read.
src/pages/ChoresPage.tsx(4,22): error TS1484: 'TaskWithPoints' is a type and must be imported using a type-only import when 'verbatimModuleSyntax' is enabled.
src/pages/ChoresPage.tsx(4,38): error TS1484: 'ChoreHistory' is a type and must be imported using a type-only import when 'verbatimModuleSyntax' is enabled.
src/pages/ChoresPage.tsx(4,38): error TS6133: 'ChoreHistory' is declared but its value is never read.
src/pages/InventoryPage.tsx(5,10): error TS1484: 'InventoryItem' is a type and must be imported using a type-only import when 'verbatimModuleSyntax' is enabled.
src/pages/InventoryPage.tsx(6,18): error TS6133: 'Plus' is declared but its value is never read.
src/pages/MealsPage.tsx(1,8): error TS6133: 'React' is declared but its value is never read.
src/pages/MealsPage.tsx(4,10): error TS6133: 'format' is declared but its value is never read.
src/pages/MealsPage.tsx(4,36): error TS6133: 'isSameDay' is declared but its value is never read.
src/pages/MealsPage.tsx(5,1): error TS6192: All imports in import declaration are unused.
src/pages/MealsPage.tsx(5,10): error TS1484: 'User' is a type and must be imported using a type-only import when 'verbatimModuleSyntax' is enabled.
src/pages/MealsPage.tsx(5,16): error TS1484: 'InventoryItem' is a type and must be imported using a type-only import when 'verbatimModuleSyntax' is enabled.
src/pages/MealsPage.tsx(5,31): error TS1484: 'Event' is a type and must be imported using a type-only import when 'verbatimModuleSyntax' is enabled.
